ubuntu@ip-192-168-0-147:~$ nslookup www.google.com
Server:		127.0.0.53
Address:	127.0.0.53#53

Non-authoritative answer:
Name:	www.google.com
Address: 172.217.194.105
Name:	www.google.com
Address: 172.217.194.106
Name:	www.google.com
Address: 172.217.194.147
Name:	www.google.com
Address: 172.217.194.99
Name:	www.google.com
Address: 172.217.194.103
Name:	www.google.com
Address: 172.217.194.104
Name:	www.google.com
Address: 2404:6800:4003:c00::93

ubuntu@ip-192-168-0-147:~$ curl https://www.google.com
<!doctype html><html itemscope="" itemtype="http://schema.org/WebPage" lang="en-SG"><head><meta content="text/html; charset=UTF-8" http-equiv="Content-Type"><meta content="/images/branding/googleg/1x/googleg_standard_color_128dp.png" itemprop="image"><title>Google</title><script nonce="2LsRrIC0NXYKobxVUmcatA==">(function(){window.google={kEI:'JO9-Xoy-Cf_D3LUPsN6DiAY',kEXPI:'0,202123,3,1151620,5663,731,223,5104,207,2414,790,10,290,761,175,364,1435,4,60,238,465,114,383,140,106,5,768,230,16,3,337,436,331,6,40,31,72,5,401,5,39,46,419612,706742,1197746,278,125,329118,1294,12383,4855,32691,15248,867,17444,11240,363,8825,8384,4858,1362,4323,4967,3026,6878,984,7913,1808,4020,978,7626,306,5296,2054,920,873,1217,5759,2607,315,724,11306,2883,19,319,3173,1345,1396,1381,519,400,2277,8,2796,1593,1279,390,1822,202,328,149,1103,840,517,1474,48,820,3438,312,1136,3,2063,606,1839,184,1733,43,144,377,1947,747,429,1033,113,328,1285,16,3162,2010,474,1339,29,719,1039,3227,773,1216,856,7,1320,3488,791,2034,6513,2663,641,2449,2459,1226,1462,3935,1274,108,3407,404,504,2,1493,2062,2397,2896,2074,449,226,995,828,842,190,290,606,1349,3,346,200,30,156,814,183,388,173,121,373,1496,142,1907,440,266,149,189,1667,317,1123,205,503,1,725,1260,28,130,1,70,229,19,380,2,531,589,272,122,87,1783,415,192,1345,1147,643,4,1118,410,143,178,314,2,7,297,300,1063,154,21,1,158,126,357,141,68,210,211,60,198,111,37,252,276,363,5,27,2,8,41,64,1065,220,445,25,236,2,89,641,4,163,3,121,498,60,278,177,15,1154,38,5832346,3276,1802618,6996022,882,444,1,2,31,49,1,900,896,1,8,1,2,2551,1,748,141,59,736,563,1,4265,1,1,1,1,137,1,1193,641,5,76,20,3,1,328,7,11,20,1,59,1,75,1,7,1,2,4,1,2,2,4,2,10,3,3,2,18,1,2,5,2,2,1,23,1,1,1,13,2,2,5,1,1,1,2,1,23963026,25',kBL:'U1-R'};google.sn='webhp';google.kHL='en-SG';})();(function(){google.lc=[];google.li=0;google.getEI=function(a){for(var c;a&&(!a.getAttribute||!(c=a.getAttribute("eid")));)a=a.parentNode;return c||google.kEI};google.getLEI=function(a){for(var c=null;a&&(!a.getAttribute||!(c=a.getAttribute("leid")));)a=a.parentNode;return c};google.ml=function(){return null};google.time=function(){return Date.now()};google.log=function(a,c,b,d,g){if(b=google.logUrl(a,c,b,d,g)){a=new Image;var e=google.lc,f=google.li;e[f]=a;a.onerror=a.onload=a.onabort=function(){delete e[f]};google.vel&&google.vel.lu&&google.vel.lu(b);a.src=b;google.li=f+1}};google.logUrl=function(a,c,b,d,g){var e="",f=google.ls||"";b||-1!=c.search("&ei=")||(e="&ei="+google.getEI(d),-1==c.search("&lei=")&&(d=google.getLEI(d))&&(e+="&lei="+d));d="";!b&&google.cshid&&-1==c.search("&cshid=")&&"slh"!=a&&(d="&cshid="+google.cshid);b=b||"/"+(g||"gen_204")+"?atyp=i&ct="+a+"&cad="+c+e+f+"&zx="+google.time()+d;/^http:/i.test(b)&&"https:"==window.location.protocol&&(google.ml(Error("a"),!1,{src:b,glmm:1}),b="");return b};}).call(this);(function(){google.y={};google.x=function(a,b){if(a)var c=a.id;else{do c=Math.random();while(google.y[c])}google.y[c]=[a,b];return!1};google.lm=[];google.plm=function(a){google.lm.push.apply(google.lm,a)};google.lq=[];google.load=function(a,b,c){google.lq.push([[a],b,c])};google.loadAll=function(a,b){google.lq.push([a,b])};}).call(this);google.f={};(function(){
document.documentElement.addEventListener("submit",function(b){var a;if(a=b.target){var c=a.getAttribute("data-submitfalse");a="1"==c||"q"==c&&!a.elements.q.value?!0:!1}else a=!1;a&&(b.preventDefault(),b.stopPropagation())},!0);document.documentElement.addEventListener("click",function(b){var a;a:{for(a=b.target;a&&a!=document.documentElement;a=a.parentElement)if("A"==a.tagName){a="1"==a.getAttribute("data-nohref");break a}a=!1}a&&b.preventDefault()},!0);}).call(this);
var a=window.location,b=a.href.indexOf("#");if(0<=b){var c=a.href.substring(b+1);/(^|&)q=/.test(c)&&-1==c.indexOf("#")&&a.replace("/search?"+c.replace(/(^|&)fp=[^&]*/g,"")+"&cad=h")};</script><style>#gbar,#guser{font-size:13px;padding-top:1px !important;}#gbar{height:22px}#guser{padding-bottom:7px !important;text-align:right}.gbh,.gbd{border-top:1px solid #c9d7f1;font-size:1px}.gbh{height:0;position:absolute;top:24px;width:100%}@media all{.gb1{height:22px;margin-right:.5em;vertical-align:top}#gbar{float:left}}a.gb1,a.gb4{text-decoration:underline !important}a.gb1,a.gb4{color:#00c !important}.gbi .gb4{color:#dd8e27 !important}.gbf .gb4{color:#900 !important}
</style><style>body,td,a,p,.h{font-family:arial,sans-serif}body{margin:0;overflow-y:scroll}#gog{padding:3px 8px 0}td{line-height:.8em}.gac_m td{line-height:17px}form{margin-bottom:20px}.h{color:#36c}.q{color:#00c}.ts td{padding:0}.ts{border-collapse:collapse}em{font-weight:bold;font-style:normal}.lst{height:25px;width:496px}.gsfi,.lst{font:18px arial,sans-serif}.gsfs{font:17px arial,sans-serif}.ds{display:inline-box;display:inline-block;margin:3px 0 4px;margin-left:4px}input{font-family:inherit}body{background:#fff;color:#000}a{color:#11c;text-decoration:none}a:hover,a:active{text-decoration:underline}.fl a{color:#36c}a:visited{color:#551a8b}.sblc{padding-top:5px}.sblc a{display:block;margin:2px 0;margin-left:13px;font-size:11px}.lsbb{background:#eee;border:solid 1px;border-color:#ccc #999 #999 #ccc;height:30px}.lsbb{display:block}.ftl,#fll a{display:inline-block;margin:0 12px}.lsb{background:url(/images/nav_logo229.png) 0 -261px repeat-x;border:none;color:#000;cursor:pointer;height:30px;margin:0;outline:0;font:15px arial,sans-serif;vertical-align:top}.lsb:active{background:#ccc}.lst:focus{outline:none}</style><script nonce="2LsRrIC0NXYKobxVUmcatA=="></script></head><body bgcolor="#fff"><script nonce="2LsRrIC0NXYKobxVUmcatA==">(function(){var src='/images/nav_logo229.png';var iesg=false;document.body.onload = function(){window.n && window.n();if (document.images){new Image().src=src;}
if (!iesg){document.f&&document.f.q.focus();document.gbqf&&document.gbqf.q.focus();}
}
})();</script><div id="mngb"> <div id=gbar><nobr><b class=gb1>Search</b> <a class=gb1 href="https://www.google.com.sg/imghp?hl=en&tab=wi">Images</a> <a class=gb1 href="https://maps.google.com.sg/maps?hl=en&tab=wl">Maps</a> <a class=gb1 href="https://play.google.com/?hl=en&tab=w8">Play</a> <a class=gb1 href="https://www.youtube.com/?gl=SG&tab=w1">YouTube</a> <a class=gb1 href="https://news.google.com.sg/nwshp?hl=en&tab=wn">News</a> <a class=gb1 href="https://mail.google.com/mail/?tab=wm">Gmail</a> <a class=gb1 href="https://drive.google.com/?tab=wo">Drive</a> <a class=gb1 style="text-decoration:none" href="https://www.google.com.sg/intl/en/about/products?tab=wh"><u>More</u> &raquo;</a></nobr></div><div id=guser width=100%><nobr><span id=gbn class=gbi></span><span id=gbf class=gbf></span><span id=gbe></span><a href="http://www.google.com.sg/history/optout?hl=en" class=gb4>Web History</a> | <a  href="/preferences?hl=en" class=gb4>Settings</a> | <a target=_top id=gb_70 href="https://accounts.google.com/ServiceLogin?hl=en&passive=true&continue=https://www.google.com/" class=gb4>Sign in</a></nobr></div><div class=gbh style=left:0></div><div class=gbh style=right:0></div> </div><center><br clear="all" id="lgpd"><div id="lga"><img alt="Google" height="92" src="/images/branding/googlelogo/1x/googlelogo_white_background_color_272x92dp.png" style="padding:28px 0 14px" width="272" id="hplogo"><br><br></div><form action="/search" name="f"><table cellpadding="0" cellspacing="0"><tr valign="top"><td width="25%">&nbsp;</td><td align="center" nowrap=""><input name="ie" value="ISO-8859-1" type="hidden"><input value="en-SG" name="hl" type="hidden"><input name="source" type="hidden" value="hp"><input name="biw" type="hidden"><input name="bih" type="hidden"><div class="ds" style="height:32px;margin:4px 0"><input class="lst" style="margin:0;padding:5px 8px 0 6px;vertical-align:top;color:#000" autocomplete="off" value="" title="Google Search" maxlength="2048" name="q" size="57"></div><br style="line-height:0"><span class="ds"><span class="lsbb"><input class="lsb" value="Google Search" name="btnG" type="submit"></span></span><span class="ds"><span class="lsbb"><input class="lsb" id="tsuid1" value="I'm Feeling Lucky" name="btnI" type="submit"><script nonce="2LsRrIC0NXYKobxVUmcatA==">(function(){var id='tsuid1';document.getElementById(id).onclick = function(){if (this.form.q.value){this.checked = 1;if (this.form.iflsig)this.form.iflsig.disabled = false;}
else top.location='/doodles/';};})();</script><input value="AINFCbYAAAAAXn79NHtaKiMHlfx4aMJmuZtcCCzEoXO7" name="iflsig" type="hidden"></span></span></td><td class="fl sblc" align="left" nowrap="" width="25%"><a href="/advanced_search?hl=en-SG&amp;authuser=0">Advanced search</a></td></tr></table><input id="gbv" name="gbv" type="hidden" value="1"><script nonce="2LsRrIC0NXYKobxVUmcatA==">(function(){var a,b="1";if(document&&document.getElementById)if("undefined"!=typeof XMLHttpRequest)b="2";else if("undefined"!=typeof ActiveXObject){var c,d,e=["MSXML2.XMLHTTP.6.0","MSXML2.XMLHTTP.3.0","MSXML2.XMLHTTP","Microsoft.XMLHTTP"];for(c=0;d=e[c++];)try{new ActiveXObject(d),b="2"}catch(h){}}a=b;if("2"==a&&-1==location.search.indexOf("&gbv=2")){var f=google.gbvu,g=document.getElementById("gbv");g&&(g.value=a);f&&window.setTimeout(function(){location.href=f},0)};}).call(this);</script></form><div id="gac_scont"></div><div style="font-size:83%;min-height:3.5em"><br><div id="gws-output-pages-elements-homepage_additional_languages__als"><style>#gws-output-pages-elements-homepage_additional_languages__als{font-size:small;margin-bottom:24px}#SIvCob{display:inline-block;line-height:28px;}#SIvCob a{padding:0 3px;}.H6sW5{display:inline-block;margin:0 2px;white-space:nowrap}.z4hgWe{display:inline-block;margin:0 2px}</style><div id="SIvCob">Google offered in:  <a href="https://www.google.com/setprefs?sig=0_8kVjwhgixfKdj-Jontt6vr3UCnY%3D&amp;hl=zh-CN&amp;source=homepage&amp;sa=X&amp;ved=0ahUKEwiM4IXkxbzoAhX_IbcAHTDvAGEQ2ZgBCAU">&#20013;&#25991;(&#31616;&#20307;)</a>    <a href="https://www.google.com/setprefs?sig=0_8kVjwhgixfKdj-Jontt6vr3UCnY%3D&amp;hl=ms&amp;source=homepage&amp;sa=X&amp;ved=0ahUKEwiM4IXkxbzoAhX_IbcAHTDvAGEQ2ZgBCAY">Melayu</a>    <a href="https://www.google.com/setprefs?sig=0_8kVjwhgixfKdj-Jontt6vr3UCnY%3D&amp;hl=ta&amp;source=homepage&amp;sa=X&amp;ved=0ahUKEwiM4IXkxbzoAhX_IbcAHTDvAGEQ2ZgBCAc">&#2980;&#2990;&#3007;&#2996;&#3021;</a>  </div></div></div><span id="footer"><div style="font-size:10pt"><div style="margin:19px auto;text-align:center" id="fll"><a href="/intl/en/ads/">Advertising Programs</a><a href="http://www.google.com.sg/intl/en/services/">Business Solutions</a><a href="/intl/en/about.html">About Google</a><a href="https://www.google.com/setprefdomain?prefdom=SG&amp;prev=https://www.google.com.sg/&amp;sig=K_ELC_gY8-S4yPEk5gp0T40DAtZ7Q%3D">Google.com.sg</a></div></div><p style="font-size:8pt;color:#767676">&copy; 2020 - <a href="/intl/en/policies/privacy/">Privacy</a> - <a href="/intl/en/policies/terms/">Terms</a></p></span></center><script nonce="2LsRrIC0NXYKobxVUmcatA==">(function(){window.google.cdo={height:0,width:0};(function(){var a=window.innerWidth,b=window.innerHeight;if(!a||!b){var c=window.document,d="CSS1Compat"==c.compatMode?c.documentElement:c.body;a=d.clientWidth;b=d.clientHeight}a&&b&&(a!=google.cdo.width||b!=google.cdo.height)&&google.log("","","/client_204?&atyp=i&biw="+a+"&bih="+b+"&ei="+google.kEI);}).call(this);})();(function(){var u='/xjs/_/js/k\x3dxjs.hp.en._kXlCCDnbkw.O/m\x3dsb_he,d/am\x3dgAEBNgI/d\x3d1/rs\x3dACT90oHeC67sO1RN4CeYGsdnQH3XGF6i4g';
setTimeout(function(){var b=document;var a="SCRIPT";"application/xhtml+xml"===b.contentType&&(a=a.toLowerCase());a=b.createElement(a);a.src=u;google.timers&&google.timers.load&&google.tick&&google.tick("load","xjsls");document.body.appendChild(a)},0);})();(function(){window.google.xjsu='/xjs/_/js/k\x3dxjs.hp.en._kXlCCDnbkw.O/m\x3dsb_he,d/am\x3dgAEBNgI/d\x3d1/rs\x3dACT90oHeC67sO1RN4CeYGsdnQH3XGF6i4g';})();function _DumpException(e){throw e;}
function _F_installCss(c){}
(function(){google.spjs=false;google.snet=true;google.em=[];google.emw=false;google.pdt=0;})();(function(){var pmc='{\x22d\x22:{},\x22sb_he\x22:{\x22agen\x22:true,\x22cgen\x22:true,\x22client\x22:\x22heirloom-hp\x22,\x22dh\x22:true,\x22dhqt\x22:true,\x22ds\x22:\x22\x22,\x22ffql\x22:\x22en\x22,\x22fl\x22:true,\x22host\x22:\x22google.com\x22,\x22isbh\x22:28,\x22jsonp\x22:true,\x22msgs\x22:{\x22cibl\x22:\x22Clear Search\x22,\x22dym\x22:\x22Did you mean:\x22,\x22lcky\x22:\x22I\\u0026#39;m Feeling Lucky\x22,\x22lml\x22:\x22Learn more\x22,\x22oskt\x22:\x22Input tools\x22,\x22psrc\x22:\x22This search was removed from your \\u003Ca href\x3d\\\x22/history\\\x22\\u003EWeb History\\u003C/a\\u003E\x22,\x22psrl\x22:\x22Remove\x22,\x22sbit\x22:\x22Search by image\x22,\x22srch\x22:\x22Google Search\x22},\x22ovr\x22:{},\x22pq\x22:\x22\x22,\x22refpd\x22:true,\x22rfs\x22:[],\x22sbpl\x22:16,\x22sbpr\x22:16,\x22scd\x22:10,\x22stok\x22:\x22m4prNaW_baIT7jS1pPO7mjP4inY\x22,\x22uhde\x22:false}}';google.pmc=JSON.parse(pmc);})();</script>        </body></html>Trying 127.0.0.1...

ubuntu@ip-192-168-0-147:~$ telnet localhost 80
Trying 127.0.0.1...
Connected to localhost.
Escape character is '^]'.
^]
telnet> q
Connection closed.

ubuntu@ip-192-168-0-147:~$ telnet localhost 8080
Trying 127.0.0.1...
Connected to localhost.
Escape character is '^]'.
^]
telnet> q
Connection closed.

ubuntu@ip-192-168-0-147:~$ telnet localhost 3306
Trying 127.0.0.1...
Connected to localhost.
Escape character is '^]'.
[
5.7.29-0ubuntu0.18.04.1UF
                           R:TWl^U8oT^x?mysql_native_password
^]
telnet> q
Connection closed.
